<html>
<body>
<pre>
<h1>�Vision Build Log</h1>
<h2>Tool Versions:</h2>
IDE-Version: ��Vision V5.38.0.0
Copyright (C) 2022 ARM Ltd and ARM Germany GmbH. All rights reserved.
License Information: 1 AUSU, 1, LIC=D0D7S-L52DG-9UP4U-SUFJH-B3KTH-H1M8N
 
Tool Versions:
Toolchain:       MDK-ARM Plus  Version: 5.32.0.0
Toolchain Path:  C:\Keil_v5\ARM\ARMCC\Bin
C Compiler:      Armcc.exe V5.06 update 7 (build 960)
Assembler:       Armasm.exe V5.06 update 7 (build 960)
Linker/Locator:  ArmLink.exe V5.06 update 7 (build 960)
Library Manager: ArmAr.exe V5.06 update 7 (build 960)
Hex Converter:   FromElf.exe V5.06 update 7 (build 960)
CPU DLL:         SARMCM3.DLL V5.32.0.0
Dialog DLL:      DCM.DLL V1.17.3.0
Target DLL:      Segger\JL2CM3.dll V2.99.38.0
Dialog DLL:      TCM.DLL V1.46.0.0
 
<h2>Project:</h2>
F:\Cubemx_Project\TYNJFXT\Solar_energy\MDK-ARM\LCD_PJ.uvprojx
Project File Date:  03/18/2026

<h2>Output:</h2>
*** Using Compiler 'V5.06 update 7 (build 960)', folder: 'C:\Keil_v5\ARM\ARMCC\Bin'
Build target 'LCD_PJ'
compiling es1642.c...
compiling key.c...
compiling tpad.c...
compiling rx8025t_example.c...
..\Core\Src\rx8025t_example.c(52): warning:  #177-D: variable "weekday_str"  was declared but never referenced
      char weekday_str[15];
..\Core\Src\rx8025t_example.c: 1 warning, 0 errors
compiling user_status.c...
compiling sdcard.c...
..\Core\Src\sdcard.c(151): warning:  #177-D: variable "myFile"  was declared but never referenced
      static FIL myFile;                                                    // 文件对象; 这个结构体占�?570字节，有点大，需用static修饰(存放在全局数据�?), 避免stack溢出
..\Core\Src\sdcard.c(153): warning:  #177-D: variable "num"  was declared but never referenced
      static uint32_t num;                                                  // 文件实际成功读写的字节数
..\Core\Src\sdcard.c(154): warning:  #177-D: variable "aWriteBuf"  was declared but never referenced
      char aWriteBuf[64];      // 要写入的数据
..\Core\Src\sdcard.c: 3 warnings, 0 errors
compiling rx8025t.c...
compiling ili9488.c...
compiling es1642_usage_guide.c...
compiling gpio.c...
compiling adc.c...
compiling main.c...
compiling fmc.c...
compiling i2c.c...
compiling freertos.c...
compiling dma.c...
compiling sdio.c...
compiling spi.c...
compiling tim.c...
compiling usart.c...
compiling logo_shunpu.c...
compiling stm32f4xx_hal_msp.c...
compiling stm32f4xx_hal_timebase_tim.c...
compiling stm32f4xx_it.c...
compiling stm32f4xx_hal_tim_ex.c...
compiling stm32f4xx_hal_adc.c...
compiling stm32f4xx_hal_rcc.c...
compiling stm32f4xx_hal_adc_ex.c...
compiling stm32f4xx_hal_tim.c...
compiling stm32f4xx_hal_flash.c...
compiling stm32f4xx_hal_rcc_ex.c...
compiling stm32f4xx_hal_flash_ex.c...
compiling stm32f4xx_hal_flash_ramfunc.c...
compiling stm32f4xx_hal_gpio.c...
compiling stm32f4xx_hal_pwr_ex.c...
compiling stm32f4xx_hal_dma.c...
compiling stm32f4xx_hal_pwr.c...
compiling stm32f4xx_hal_cortex.c...
compiling stm32f4xx_hal_dma_ex.c...
compiling stm32f4xx_hal_exti.c...
compiling stm32f4xx_hal.c...
compiling stm32f4xx_ll_fmc.c...
compiling stm32f4xx_hal_nand.c...
compiling stm32f4xx_hal_nor.c...
compiling stm32f4xx_hal_sram.c...
compiling stm32f4xx_hal_sdram.c...
compiling stm32f4xx_hal_i2c_ex.c...
compiling stm32f4xx_hal_pccard.c...
compiling croutine.c...
compiling stm32f4xx_ll_sdmmc.c...
compiling stm32f4xx_hal_sd.c...
compiling stm32f4xx_hal_mmc.c...
compiling system_stm32f4xx.c...
compiling list.c...
compiling event_groups.c...
compiling stm32f4xx_hal_i2c.c...
compiling queue.c...
compiling stm32f4xx_hal_spi.c...
compiling stream_buffer.c...
compiling stm32f4xx_hal_uart.c...
compiling timers.c...
compiling tasks.c...
compiling heap_4.c...
compiling cmsis_os2.c...
compiling lv_disp.c...
compiling lv_event.c...
compiling lv_group.c...
compiling port.c...
compiling lv_indev_scroll.c...
compiling lv_indev.c...
compiling lv_obj.c...
compiling lv_obj_class.c...
compiling lv_obj_draw.c...
compiling lv_obj_pos.c...
compiling lv_obj_tree.c...
compiling lv_gpu_arm2d.c...
compiling lv_obj_style_gen.c...
compiling lv_theme.c...
compiling lv_obj_scroll.c...
compiling lv_draw_pxp.c...
compiling lv_obj_style.c...
compiling lv_refr.c...
compiling lv_gpu_nxp_pxp.c...
compiling lv_gpu_nxp_pxp_osa.c...
compiling lv_draw_pxp_blend.c...
compiling lv_draw_vglite.c...
compiling lv_draw_vglite_rect.c...
compiling lv_draw_vglite_line.c...
compiling lv_draw_vglite_blend.c...
compiling lv_draw_vglite_arc.c...
compiling lv_gpu_d2_ra6m3.c...
compiling lv_vglite_buf.c...
compiling lv_draw_sdl_arc.c...
compiling lv_draw_sdl_bg.c...
compiling lv_vglite_utils.c...
compiling lv_draw_sdl_composite.c...
compiling lv_draw_sdl.c...
compiling lv_gpu_d2_draw_label.c...
compiling lv_draw_sdl_label.c...
compiling lv_draw_sdl_img.c...
compiling lv_draw_sdl_layer.c...
compiling lv_draw_sdl_line.c...
compiling lv_draw_sdl_mask.c...
compiling lv_draw_sdl_polygon.c...
compiling lv_draw_sdl_stack_blur.c...
compiling lv_draw_sdl_rect.c...
compiling lv_draw_sdl_utils.c...
compiling lv_draw_sdl_texture_cache.c...
compiling lv_gpu_stm32_dma2d.c...
compiling lv_draw_sw.c...
compiling lv_draw_sw_arc.c...
compiling lv_draw_sw_dither.c...
compiling lv_draw_sw_layer.c...
compiling lv_draw_sw_gradient.c...
compiling lv_draw_sw_polygon.c...
compiling lv_draw_sw_letter.c...
compiling lv_draw_sw_img.c...
compiling lv_draw_sw_line.c...
compiling lv_draw_sw_blend.c...
compiling lv_gpu_swm341_dma2d.c...
compiling lv_draw.c...
compiling lv_draw_arc.c...
compiling lv_draw_img.c...
compiling lv_draw_label.c...
compiling lv_draw_layer.c...
compiling lv_draw_sw_transform.c...
compiling lv_draw_rect.c...
compiling lv_draw_transform.c...
compiling lv_draw_line.c...
compiling lv_img_cache.c...
compiling lv_draw_sw_rect.c...
compiling lv_draw_triangle.c...
compiling lv_img_buf.c...
compiling lv_draw_mask.c...
compiling lv_img_decoder.c...
compiling lv_flex.c...
compiling lv_bmp.c...
compiling lv_ffmpeg.c...
compiling lv_fs_fatfs.c...
compiling lv_grid.c...
compiling lv_freetype.c...
compiling lv_fs_littlefs.c...
compiling lv_fs_posix.c...
compiling lv_fs_stdio.c...
compiling lv_fs_win32.c...
compiling lv_gif.c...
compiling lv_png.c...
compiling gifdec.c...
compiling lv_qrcode.c...
compiling lv_rlottie.c...
compiling lv_fragment.c...
compiling lv_tiny_ttf.c...
compiling qrcodegen.c...
compiling lv_fragment_manager.c...
compiling lv_gridnav.c...
compiling tjpgd.c...
compiling lv_sjpg.c...
compiling lv_ime_pinyin.c...
compiling lv_msg.c...
compiling lv_snapshot.c...
compiling lv_imgfont.c...
compiling lv_monkey.c...
compiling lv_theme_basic.c...
compiling lv_calendar_header_dropdown.c...
compiling lv_calendar.c...
compiling lv_calendar_header_arrow.c...
compiling lv_animimg.c...
compiling lodepng.c...
..\Middlewares\LVGL_v8.3.11\lvgl\src\extra\libs\png\lodepng.c(5484): warning:  #186-D: pointless comparison of unsigned integer with zero
    if(strategy >= LFS_ZERO && strategy <= LFS_FOUR) {
..\Middlewares\LVGL_v8.3.11\lvgl\src\extra\libs\png\lodepng.c: 1 warning, 0 errors
compiling lv_theme_default.c...
compiling lv_theme_mono.c...
compiling lv_chart.c...
compiling lv_keyboard.c...
compiling lv_imgbtn.c...
compiling lv_colorwheel.c...
compiling lv_led.c...
compiling lv_list.c...
compiling lv_meter.c...
compiling lv_menu.c...
compiling lv_msgbox.c...
compiling lv_spinbox.c...
compiling lv_spinner.c...
compiling lv_span.c...
compiling lv_tabview.c...
compiling lv_extra.c...
compiling lv_font.c...
compiling lv_font_fmt_txt.c...
compiling lv_tileview.c...
compiling lv_win.c...
compiling lv_font_dejavu_16_persian_hebrew.c...
compiling lv_font_montserrat_8.c...
compiling lv_font_loader.c...
compiling lv_font_montserrat_16.c...
compiling lv_font_montserrat_10.c...
compiling lv_font_montserrat_12_subpx.c...
compiling lv_font_montserrat_18.c...
compiling lv_font_montserrat_12.c...
compiling lv_font_montserrat_14.c...
compiling lv_font_montserrat_20.c...
compiling lv_font_montserrat_22.c...
compiling lv_font_montserrat_32.c...
compiling lv_font_montserrat_34.c...
compiling lv_font_montserrat_28.c...
compiling lv_font_montserrat_30.c...
compiling lv_font_montserrat_28_compressed.c...
compiling lv_font_montserrat_24.c...
compiling lv_font_montserrat_26.c...
compiling lv_font_montserrat_36.c...
compiling lv_font_montserrat_38.c...
compiling lv_font_montserrat_40.c...
compiling lv_font_montserrat_42.c...
compiling lv_font_montserrat_44.c...
compiling lv_font_montserrat_48.c...
compiling lv_font_unscii_8.c...
compiling lv_font_montserrat_46.c...
compiling lv_font_simsun_16_cjk.c...
compiling lv_hal_tick.c...
compiling lv_font_unscii_16.c...
compiling lv_hal_indev.c...
compiling lv_anim_timeline.c...
compiling lv_hal_disp.c...
compiling lv_anim.c...
compiling lv_async.c...
compiling lv_bidi.c...
compiling lv_color.c...
compiling lv_area.c...
compiling lv_log.c...
compiling lv_gc.c...
compiling lv_ll.c...
compiling lv_fs.c...
compiling lv_math.c...
compiling lv_mem.c...
compiling lv_lru.c...
..\Middlewares\LVGL_v8.3.11\lvgl\src\misc\lv_lru.c(241): warning:  #68-D: integer conversion resulted in a change of sign
      uint32_t i = 0, min_index = -1;
..\Middlewares\LVGL_v8.3.11\lvgl\src\misc\lv_lru.c(242): warning:  #68-D: integer conversion resulted in a change of sign
      uint64_t min_access_count = -1;
..\Middlewares\LVGL_v8.3.11\lvgl\src\misc\lv_lru.c: 2 warnings, 0 errors
compiling lv_printf.c...
compiling lv_templ.c...
compiling lv_timer.c...
compiling lv_txt_ap.c...
compiling lv_style.c...
compiling lv_style_gen.c...
compiling lv_txt.c...
compiling lv_utils.c...
compiling lv_tlsf.c...
..\Middlewares\LVGL_v8.3.11\lvgl\src\misc\lv_tlsf.c(898): warning:  #68-D: integer conversion resulted in a change of sign
          offset_to_block(pool, -(int)block_header_overhead);
..\Middlewares\LVGL_v8.3.11\lvgl\src\misc\lv_tlsf.c(1000): warning:  #68-D: integer conversion resulted in a change of sign
      block = offset_to_block(mem, -(tlsfptr_t)block_header_overhead);
..\Middlewares\LVGL_v8.3.11\lvgl\src\misc\lv_tlsf.c(1018): warning:  #68-D: integer conversion resulted in a change of sign
      block_header_t * block = offset_to_block(pool, -(int)block_header_overhead);
..\Middlewares\LVGL_v8.3.11\lvgl\src\misc\lv_tlsf.c: 3 warnings, 0 errors
compiling lv_btn.c...
compiling lv_bar.c...
compiling lv_checkbox.c...
compiling lv_arc.c...
compiling lv_img.c...
compiling lv_canvas.c...
compiling lv_btnmatrix.c...
compiling lv_dropdown.c...
compiling lv_label.c...
compiling lv_line.c...
compiling lv_objx_templ.c...
compiling lv_roller.c...
compiling lv_slider.c...
compiling lv_switch.c...
compiling lv_table.c...
compiling custom.c...
compiling lv_textarea.c...
compiling lv_font_SourceHanSerifSC_Regular_16.c...
compiling lv_port_indev.c...
..\Middlewares\LVGL_v8.3.11\lvgl\examples\porting\lv_port_indev.c(89): warning:  #177-D: variable "encoder_diff"  was declared but never referenced
  static int32_t encoder_diff;
..\Middlewares\LVGL_v8.3.11\lvgl\examples\porting\lv_port_indev.c(90): warning:  #177-D: variable "encoder_state"  was declared but never referenced
  static lv_indev_state_t encoder_state;
..\Middlewares\LVGL_v8.3.11\lvgl\examples\porting\lv_port_indev.c: 2 warnings, 0 errors
compiling lv_port_disp.c...
..\Middlewares\LVGL_v8.3.11\lvgl\examples\porting\lv_port_disp.c(19): warning:  #1215-D: #warning directive: Please define or replace the macro MY_DISP_HOR_RES with the actual screen width, default value 320 is used for now.
      #warning Please define or replace the macro MY_DISP_HOR_RES with the actual screen width, default value 320 is used for now.
..\Middlewares\LVGL_v8.3.11\lvgl\examples\porting\lv_port_disp.c(24): warning:  #1215-D: #warning directive: Please define or replace the macro MY_DISP_HOR_RES with the actual screen height, default value 240 is used for now.
      #warning Please define or replace the macro MY_DISP_HOR_RES with the actual screen height, default value 240 is used for now.
..\Middlewares\LVGL_v8.3.11\lvgl\examples\porting\lv_port_disp.c: 2 warnings, 0 errors
compiling lv_port_fs.c...
..\Middlewares\LVGL_v8.3.11\lvgl\examples\porting\lv_port_fs.c(148): warning:  #177-D: variable "res"  was declared but never referenced
    lv_fs_res_t res = LV_FS_RES_NOT_IMP;
..\Middlewares\LVGL_v8.3.11\lvgl\examples\porting\lv_port_fs.c(35): warning:  #177-D: function "fs_size"  was declared but never referenced
  static lv_fs_res_t fs_size(lv_fs_drv_t * drv, void * file_p, uint32_t * size_p);
..\Middlewares\LVGL_v8.3.11\lvgl\examples\porting\lv_port_fs.c: 2 warnings, 0 errors
compiling widgets_init.c...
compiling lv_font_montserratMedium_12.c...
compiling gui_guider.c...
compiling events_init.c...
compiling setup_scr_screen_user_detail.c...
compiling setup_scr_screen_user_list.c...
compiling lv_font_montserratMedium_16.c...
compiling setup_scr_screen_user_home.c...
compiling lv_font_Acme_Regular_30.c...
compiling lv_font_SourceHanSerifSC_Regular_30.c...
compiling bsp_driver_sd.c...
compiling fatfs.c...
compiling diskio.c...
compiling sd_diskio.c...
compiling socket.c...
compiling syscall.c...
compiling w5500.c...
compiling ff_gen_drv.c...
compiling wizchip_conf.c...
compiling cc936.c...
compiling dhcp.c...
compiling wiz_interface.c...
compiling user_main.c...
compiling ff.c...
compiling loopback.c...
compiling a7680c.c...
compiling a7680c_at.c...
compiling a7680c_mqtt.c...
compiling wiz_platform.c...
linking...
Program Size: Code=222724 RO-data=266320 RW-data=1908 ZI-data=125300  
FromELF: creating hex file...
"LCD_PJ\LCD_PJ.axf" - 0 Error(s), 16 Warning(s).

<h2>Software Packages used:</h2>

Package Vendor: ARM
                http://www.keil.com/pack/ARM.CMSIS.5.7.0.pack
                ARM.CMSIS.5.7.0
                CMSIS (Cortex Microcontroller Software Interface Standard)
   * Component: CORE Version: 5.4.0

Package Vendor: Keil
                https://www.keil.com/pack/Keil.STM32F4xx_DFP.3.1.1.pack
                Keil.STM32F4xx_DFP.3.1.1
                STMicroelectronics STM32F4 Series Device Support

<h2>Collection of Component include folders:</h2>
  ./RTE/_LCD_PJ
  C:/Keil_v5/ARM/PACK/ARM/CMSIS/5.7.0/CMSIS/Core/Include

<h2>Collection of Component Files used:</h2>

   * Component: ARM::CMSIS:CORE:5.4.0
      Include file:  CMSIS/Core/Include/tz_context.h
Build Time Elapsed:  00:01:27
</pre>
</body>
</html>
